// Jest Snapshot v1, https://goo.gl/fbAQLP

exports[`Breadcrumbs renders correctly 1`] = `
<nav
  className="govuk-breadcrumbs"
>
  <ol
    className="govuk-breadcrumbs__list"
  >
    <li
      className="govuk-breadcrumbs__list-item"
    >
      <a
        className="govuk-breadcrumbs__link"
      >
        Organisations
      </a>
    </li>
    <li
      aria-current="page"
      className="govuk-breadcrumbs__list-item"
    >
      An organisation name
    </li>
  </ol>
</nav>
`;
